/page1.html (3 hits)
/page2.html (2 hits)
/asset.jpg (1 hits)