Erreur lors de l'ouverture du fichier measurements
Erreur lors de la génération des airSensors