Erreur lors de l'ouverture du fichier sensor
Erreur lors de la génération des airSensors