Bienvenue sur AirWatcher.
Voulez vous :
	1 - Consulter des données sans se connecter.
	2 - Vous connecter comme utilisateur
	3 - Vous connecter comme gouvernement
Votre choix : Que souhaitez-vous faire ?
	1 - Obtenir la liste des capteurs
	2 - Obtenir les infos d'un capteur
	3 - Obtenir statistiques dans un périmètre géographique
	4 - Obtenir statistiques à une position géographique
	5 - Détecter un capteur disfonctionnel
	6 - Obtenir la liste des airCleaners
	7 - Obtenir les statistiques sur un airCleaner
	8 - Quitter l'application
-- STATISTIQUE D'UN AIRCLEANER --

CleanerID : 0	providerID : 0
	A la position : latitude :44; longitude : 0
	Périodes de fonctionnement :
		De : 25-12-2019 12h00m00 -> 31-12-2019 00h00m00

Quel airCleaners voulez-vous tester ?
Votre choix : 
Ce air Cleaner n'a eu aucun effet sur l'air environnant, il faudrait le réviser ou le déplacer !

Que souhaitez-vous faire ?
	1 - Obtenir la liste des capteurs
	2 - Obtenir les infos d'un capteur
	3 - Obtenir statistiques dans un périmètre géographique
	4 - Obtenir statistiques à une position géographique
	5 - Détecter un capteur disfonctionnel
	6 - Obtenir la liste des airCleaners
	7 - Obtenir les statistiques sur un airCleaner
	8 - Quitter l'application
À bientôt sur AirWatcher !


