Le fichier 'fichierInexistant.log' est introuvable.