Erreur lors de la lecture du fichier sensors.csv
Erreur lors de la génération des airSensors