Il faut préciser un nom de fichier après le flag -g