Erreur lors de l'ouverture du fichier cleaner
Erreur lors de la génération des airCleaners
