/page1.html (11 hits)
/page2.html (10 hits)
/page3.html (9 hits)
/page4.html (8 hits)
/page5.html (7 hits)
/page6.html (6 hits)
/page7.html (5 hits)
/page8.html (4 hits)
/page9.html (3 hits)
/page10.html (2 hits)