Erreur lors de la lecture du fichier measurements.csv
Erreur lors de la génération des airSensors