/page1.html (3 hits)
/page2.html (2 hits)
- (1 hits)
