Erreur lors de la lecture du fichier AirCleaners.csv
Erreur lors de la génération des airCleaners